// Jest Snapshot v1, https://goo.gl/fbAQLP

exports[`matches snapshot 1`] = `
Array [
  <main>
    <button
      className="MuiButton-root MuiButton-text MuiButton-textPrimary MuiButton-sizeMedium MuiButton-textSizeMedium MuiButtonBase-root  css-1e6y48t-MuiButtonBase-root-MuiButton-root"
      disabled={false}
      onBlur={[Function]}
      onClick={[Function]}
      onContextMenu={[Function]}
      onDragLeave={[Function]}
      onFocus={[Function]}
      onKeyDown={[Function]}
      onKeyUp={[Function]}
      onMouseDown={[Function]}
      onMouseLeave={[Function]}
      onMouseUp={[Function]}
      onTouchEnd={[Function]}
      onTouchMove={[Function]}
      onTouchStart={[Function]}
      tabIndex={0}
      type="button"
    >
      Open modal
      <span
        className="MuiTouchRipple-root css-8je8zh-MuiTouchRipple-root"
      />
    </button>
  </main>,
  <div />,
  <div
    className="MuiBox-root css-1cako5s"
  >
    <div
      className="MuiGrid-root MuiGrid-item css-y6l5n9-MuiGrid-root"
    >
      <svg
        aria-hidden={true}
        className="MuiSvgIcon-root MuiSvgIcon-fontSizeMedium css-i4bv87-MuiSvgIcon-root"
        data-testid="SearchIcon"
        focusable="false"
        style={
          Object {
            "coSelf": "center",
            "margin": "5px",
          }
        }
        viewBox="0 0 24 24"
      >
        <path
          d="M15.5 14h-.79l-.28-.27C15.41 12.59 16 11.11 16 9.5 16 5.91 13.09 3 9.5 3S3 5.91 3 9.5 5.91 16 9.5 16c1.61 0 3.09-.59 4.23-1.57l.27.28v.79l5 4.99L20.49 19l-4.99-5zm-6 0C7.01 14 5 11.99 5 9.5S7.01 5 9.5 5 14 7.01 14 9.5 11.99 14 9.5 14z"
        />
      </svg>
      <div
        aria-owns={null}
        className="MuiAutocomplete-root MuiAutocomplete-hasPopupIcon css-1auycx3-MuiAutocomplete-root"
        color="primary"
        onClick={[Function]}
        onKeyDown={[Function]}
        onMouseDown={[Function]}
        style={
          Object {
            "border": "1px solid white",
            "borderRadius": "15px",
            "padding": "10px",
            "width": "75%",
          }
        }
      >
        <div
          className="MuiInputBase-root MuiInputBase-colorPrimary MuiInputBase-fullWidth MuiInputBase-sizeSmall MuiInputBase-adornedEnd MuiAutocomplete-inputRoot css-7hojm3-MuiInputBase-root"
          onClick={[Function]}
        >
          <input
            aria-activedescendant={null}
            aria-autocomplete="list"
            aria-expanded={false}
            autoCapitalize="none"
            autoComplete="off"
            className="MuiInputBase-input MuiInputBase-inputSizeSmall MuiInputBase-inputAdornedEnd MuiAutocomplete-input MuiAutocomplete-inputFocused css-ynu1c4-MuiInputBase-input"
            disabled={false}
            id="input"
            onAnimationStart={[Function]}
            onBlur={[Function]}
            onChange={[Function]}
            onFocus={[Function]}
            onMouseDown={[Function]}
            placeholder="Search for a company..."
            readOnly={false}
            role="combobox"
            spellCheck="false"
            type="text"
            value=""
          />
          <div
            className="MuiAutocomplete-endAdornment css-1q60rmi-MuiAutocomplete-endAdornment"
          >
            <button
              aria-label="Open"
              className="MuiButtonBase-root MuiIconButton-root MuiIconButton-sizeMedium MuiAutocomplete-popupIndicator css-1ciwbrp-MuiButtonBase-root-MuiIconButton-root-MuiAutocomplete-popupIndicator"
              disabled={false}
              onBlur={[Function]}
              onClick={[Function]}
              onContextMenu={[Function]}
              onDragLeave={[Function]}
              onFocus={[Function]}
              onKeyDown={[Function]}
              onKeyUp={[Function]}
              onMouseDown={[Function]}
              onMouseLeave={[Function]}
              onMouseUp={[Function]}
              onTouchEnd={[Function]}
              onTouchMove={[Function]}
              onTouchStart={[Function]}
              tabIndex={-1}
              title="Open"
              type="button"
            >
              <svg
                aria-hidden={true}
                className="MuiSvgIcon-root MuiSvgIcon-fontSizeMedium css-i4bv87-MuiSvgIcon-root"
                data-testid="ArrowDropDownIcon"
                focusable="false"
                viewBox="0 0 24 24"
              >
                <path
                  d="M7 10l5 5 5-5z"
                />
              </svg>
              <span
                className="MuiTouchRipple-root css-8je8zh-MuiTouchRipple-root"
              />
            </button>
          </div>
        </div>
      </div>
    </div>
    <button
      aria-label="toggle between light and dark mode"
      aria-labelledby={null}
      className="MuiButton-root MuiButton-contained MuiButton-containedPrimary MuiButton-sizeMedium MuiButton-containedSizeMedium MuiButtonBase-root  css-gjqkap-MuiButtonBase-root-MuiButton-root"
      data-mui-internal-clone-element={true}
      disabled={false}
      onBlur={[Function]}
      onClick={[Function]}
      onContextMenu={[Function]}
      onDragLeave={[Function]}
      onFocus={[Function]}
      onKeyDown={[Function]}
      onKeyUp={[Function]}
      onMouseDown={[Function]}
      onMouseLeave={[Function]}
      onMouseOver={[Function]}
      onMouseUp={[Function]}
      onTouchEnd={[Function]}
      onTouchMove={[Function]}
      onTouchStart={[Function]}
      tabIndex={0}
      type="button"
    >
      <svg
        aria-hidden={true}
        className="MuiSvgIcon-root MuiSvgIcon-fontSizeMedium css-i4bv87-MuiSvgIcon-root"
        data-testid="DarkModeIcon"
        focusable="false"
        viewBox="0 0 24 24"
      >
        <path
          d="M12 3c-4.97 0-9 4.03-9 9s4.03 9 9 9 9-4.03 9-9c0-.46-.04-.92-.1-1.36-.98 1.37-2.58 2.26-4.4 2.26-2.98 0-5.4-2.42-5.4-5.4 0-1.81.89-3.42 2.26-4.4-.44-.06-.9-.1-1.36-.1z"
        />
      </svg>
      <span
        className="MuiTouchRipple-root css-8je8zh-MuiTouchRipple-root"
      />
    </button>
  </div>,
  <div
    className="MuiGrid-root MuiGrid-container MuiGrid-grid-xs-12 css-9fc0yf-MuiGrid-root"
  >
    <div
      className="MuiGrid-root MuiGrid-item MuiGrid-grid-xs-6 css-4881pg-MuiGrid-root"
    >
      <div
        className="MuiFormControl-root css-vtx92c-MuiFormControl-root"
      >
        <label
          className="MuiInputLabel-root MuiInputLabel-formControl MuiInputLabel-animated MuiInputLabel-outlined MuiFormLabel-root MuiFormLabel-colorPrimary css-wxr07q-MuiFormLabel-root-MuiInputLabel-root"
          data-shrink={false}
          id="SE"
        >
          IPO MainBoard
        </label>
        <div
          className="MuiOutlinedInput-root MuiInputBase-root MuiInputBase-colorPrimary MuiInputBase-formControl  css-533s6m-MuiInputBase-root-MuiOutlinedInput-root-MuiSelect-root"
          onClick={[Function]}
        >
          <div
            aria-expanded="false"
            aria-haspopup="listbox"
            aria-labelledby="SE SE"
            className="MuiSelect-select MuiSelect-outlined MuiOutlinedInput-input MuiInputBase-input css-v3zyv7-MuiSelect-select-MuiInputBase-input-MuiOutlinedInput-input"
            id="SE"
            onBlur={[Function]}
            onFocus={[Function]}
            onKeyDown={[Function]}
            onMouseDown={[Function]}
            role="button"
            tabIndex={0}
          >
            <span
              className="notranslate"
            >
              â€‹
            </span>
          </div>
          <input
            aria-hidden={true}
            className="MuiSelect-nativeInput css-yf8vq0-MuiSelect-nativeInput"
            disabled={false}
            onAnimationStart={[Function]}
            onChange={[Function]}
            required={false}
            tabIndex={-1}
            value=""
          />
          <svg
            aria-hidden={true}
            className="MuiSvgIcon-root MuiSvgIcon-fontSizeMedium MuiSelect-icon MuiSelect-iconOutlined css-1wu7ecg-MuiSvgIcon-root-MuiSelect-icon"
            data-testid="ArrowDropDownIcon"
            focusable="false"
            viewBox="0 0 24 24"
          >
            <path
              d="M7 10l5 5 5-5z"
            />
          </svg>
          <fieldset
            aria-hidden={true}
            className="MuiOutlinedInput-notchedOutline css-9425fu-MuiOutlinedInput-notchedOutline"
          >
            <legend
              className="css-1ftyaf0"
            >
              <span>
                SE
              </span>
            </legend>
          </fieldset>
        </div>
      </div>
    </div>
    <div
      className="MuiGrid-root MuiGrid-grid-xs-6 css-1m5fj3w-MuiGrid-root"
    >
      <span
        className="MuiTypography-root MuiTypography-body3 css-2imcwd-MuiTypography-root"
        style={
          Object {
            "marginTop": "5px",
          }
        }
      >
        IPO DASHBOARD
      </span>
    </div>
  </div>,
  <div
    className="MuiBox-root css-fo6wgm"
  >
    <div
      className="MuiGrid-root MuiGrid-container MuiGrid-spacing-xs-1 MuiGrid-spacing-md-2 MuiGrid-spacing-lg-2 css-1ffx5kp-MuiGrid-root"
    >
      <div
        className="MuiGrid-root MuiGrid-container MuiGrid-grid-xs-12 css-ycb5f5-MuiGrid-root"
      >
        <div
          className="MuiPaper-root MuiPaper-elevation MuiPaper-rounded MuiPaper-elevation1 MuiTableContainer-root css-1exk4wk-MuiPaper-root-MuiTableContainer-root"
        >
          <table
            className="MuiTable-root MuiTable-stickyHeader css-1ut88b9-MuiTable-root"
            role={null}
          >
            <thead
              className="MuiTableHead-root css-15wwp11-MuiTableHead-root"
              role={null}
            >
              <tr
                className="MuiTableRow-root MuiTableRow-head css-1pgphf0-MuiTableRow-root"
                role={null}
              >
                <th
                  aria-sort={null}
                  className="MuiTableCell-root MuiTableCell-head MuiTableCell-stickyHeader MuiTableCell-alignCenter MuiTableCell-sizeMedium css-65td30-MuiTableCell-root"
                  scope="header"
                  style={
                    Object {
                      "fontWeight": "bold",
                      "textAlign": "center",
                      "width": "20%",
                    }
                  }
                >
                  Company
                </th>
                <th
                  aria-sort={null}
                  className="MuiTableCell-root MuiTableCell-head MuiTableCell-stickyHeader MuiTableCell-sizeMedium css-xs7j60-MuiTableCell-root"
                  scope="header"
                  style={
                    Object {
                      "fontWeight": "bold",
                    }
                  }
                >
                  Exchange
                </th>
                <th
                  aria-sort={null}
                  className="MuiTableCell-root MuiTableCell-head MuiTableCell-stickyHeader MuiTableCell-sizeMedium css-xs7j60-MuiTableCell-root"
                  scope="header"
                  style={
                    Object {
                      "fontWeight": "bold",
                    }
                  }
                >
                  Status
                </th>
                <th
                  aria-sort={null}
                  className="MuiTableCell-root MuiTableCell-head MuiTableCell-stickyHeader MuiTableCell-sizeMedium css-xs7j60-MuiTableCell-root"
                  scope="header"
                  style={
                    Object {
                      "fontWeight": "bold",
                    }
                  }
                >
                  SecurityType
                </th>
                <th
                  aria-sort={null}
                  className="MuiTableCell-root MuiTableCell-head MuiTableCell-stickyHeader MuiTableCell-sizeMedium css-xs7j60-MuiTableCell-root"
                  scope="header"
                  style={
                    Object {
                      "fontWeight": "bold",
                    }
                  }
                >
                  Symbol
                </th>
                <th
                  aria-sort={null}
                  className="MuiTableCell-root MuiTableCell-head MuiTableCell-stickyHeader MuiTableCell-sizeMedium css-xs7j60-MuiTableCell-root"
                  scope="header"
                  style={
                    Object {
                      "fontWeight": "bold",
                      "width": "40%",
                    }
                  }
                >
                  Open
                </th>
                <th
                  aria-sort={null}
                  className="MuiTableCell-root MuiTableCell-head MuiTableCell-stickyHeader MuiTableCell-sizeMedium css-xs7j60-MuiTableCell-root"
                  scope="header"
                  style={
                    Object {
                      "fontWeight": "bold",
                      "width": "40%",
                    }
                  }
                >
                  Close
                </th>
                <th
                  aria-sort={null}
                  className="MuiTableCell-root MuiTableCell-head MuiTableCell-stickyHeader MuiTableCell-sizeMedium css-xs7j60-MuiTableCell-root"
                  scope="header"
                  style={
                    Object {
                      "fontWeight": "bold",
                    }
                  }
                >
                  IssuePrice(â‚¹)
                </th>
                <th
                  aria-sort={null}
                  className="MuiTableCell-root MuiTableCell-head MuiTableCell-stickyHeader MuiTableCell-sizeMedium css-xs7j60-MuiTableCell-root"
                  scope="header"
                  style={
                    Object {
                      "fontWeight": "bold",
                    }
                  }
                >
                  IssueSize(Rs.Cr)
                </th>
                <th
                  aria-sort={null}
                  className="MuiTableCell-root MuiTableCell-head MuiTableCell-stickyHeader MuiTableCell-sizeMedium css-xs7j60-MuiTableCell-root"
                  scope="header"
                  style={
                    Object {
                      "fontWeight": "bold",
                    }
                  }
                >
                  MarketLot
                </th>
              </tr>
            </thead>
            <tbody
              className="MuiTableBody-root css-1sknl19-MuiTableBody-root"
              role={null}
            >
              <tr
                className="MuiTableRow-root css-1pgphf0-MuiTableRow-root"
                role={null}
              >
                <td
                  aria-sort={null}
                  className="MuiTableCell-root MuiTableCell-body MuiTableCell-sizeMedium css-1mx464q-MuiTableCell-root"
                  scope="row"
                >
                  <span
                    className="MuiTypography-root MuiTypography-body css-37jdci-MuiTypography-root"
                  >
                    No Data to Display
                  </span>
                </td>
              </tr>
            </tbody>
          </table>
        </div>
      </div>
    </div>
  </div>,
  <div
    style={
      Object {
        "padding": "10px",
      }
    }
  />,
]
`;
