// Jest Snapshot v1, https://goo.gl/fbAQLP

exports[`matches snapshot 1`] = `
<div
  className="MuiFormControl-root MuiFormControl-fullWidth MuiTextField-root css-wb57ya-MuiFormControl-root-MuiTextField-root"
>
  <label
    className="MuiInputLabel-root MuiInputLabel-formControl MuiInputLabel-animated MuiInputLabel-filled MuiFormLabel-root MuiFormLabel-colorPrimary Mui-required css-e4w4as-MuiFormLabel-root-MuiInputLabel-root"
    data-shrink={false}
    htmlFor="dob"
    id="dob-label"
  >
    Date of Birth
    <span
      aria-hidden={true}
      className="MuiInputLabel-asterisk MuiFormLabel-asterisk css-wgai2y-MuiFormLabel-asterisk"
    >
      â€‰
      *
    </span>
  </label>
  <div
    className="MuiFilledInput-root MuiFilledInput-underline MuiInputBase-root MuiInputBase-colorPrimary MuiInputBase-fullWidth MuiInputBase-formControl css-gjbq6i-MuiInputBase-root-MuiFilledInput-root"
    onClick={[Function]}
  >
    <input
      aria-invalid={false}
      aria-label="Choose date"
      aria-readonly={true}
      autoFocus={true}
      className="MuiFilledInput-input MuiInputBase-input css-10botns-MuiInputBase-input-MuiFilledInput-input"
      id="dob"
      name="dob"
      onAnimationStart={[Function]}
      onBlur={[Function]}
      onChange={[Function]}
      onClick={[Function]}
      onFocus={[Function]}
      onKeyDown={[Function]}
      readOnly={true}
      required={true}
      type="text"
      value=""
    />
  </div>
</div>
`;
